Microsoft Windows [Version 10.0.19041.630]
(c) 2020 Microsoft Corporation. All rights reserved.

C:\Users\yakov.reyblat>cd ..

C:\Users>cd ..

C:\>cd C:\Program Files (x86)\GitHub CLI

C:\Program Files (x86)\GitHub CLI>ll
'll' is not recognized as an internal or external command,
operable program or batch file.

C:\Program Files (x86)\GitHub CLI>ls
'ls' is not recognized as an internal or external command,
operable program or batch file.

C:\Program Files (x86)\GitHub CLI>dir
 Volume in drive C has no label.
 Volume Serial Number is 2A92-BECA

 Directory of C:\Program Files (x86)\GitHub CLI

12/04/2020  04:34 PM    <DIR>          .
12/04/2020  04:34 PM    <DIR>          ..
12/03/2020  06:00 PM        16,477,184 gh.exe
               1 File(s)     16,477,184 bytes
               2 Dir(s)  268,092,379,136 bytes free

C:\Program Files (x86)\GitHub CLI>gh.exe
Work seamlessly with GitHub from the command line.

USAGE
  gh <command> <subcommand> [flags]

CORE COMMANDS
  gist:       Manage gists
  issue:      Manage issues
  pr:         Manage pull requests
  release:    Manage GitHub releases
  repo:       Create, clone, fork, and view repositories

ADDITIONAL COMMANDS
  alias:      Create command shortcuts
  api:        Make an authenticated GitHub API request
  auth:       Login, logout, and refresh your authentication
  completion: Generate shell completion scripts
  config:     Manage configuration for gh
  help:       Help about any command

FLAGS
  --help      Show help for command
  --version   Show gh version

EXAMPLES
  $ gh issue create
  $ gh repo clone cli/cli
  $ gh pr checkout 321

ENVIRONMENT VARIABLES
  See 'gh help environment' for the list of supported environment variables.

LEARN MORE
  Use 'gh <command> <subcommand> --help' for more information about a command.
  Read the manual at https://cli.github.com/manual

FEEDBACK
  Open an issue using 'gh issue create -R github.com/cli/cli'


C:\Program Files (x86)\GitHub CLI>gh ls
unknown command "ls" for "gh"

Did you mean this?
        pr

Usage:  gh <command> <subcommand> [flags]

Available commands:
  alias
  api
  auth
  completion
  config
  gist
  help
  issue
  pr
  release
  repo


C:\Program Files (x86)\GitHub CLI>repo
'repo' is not recognized as an internal or external command,
operable program or batch file.

C:\Program Files (x86)\GitHub CLI>gh repo
Work with GitHub repositories

USAGE
  gh repo <command> [flags]

CORE COMMANDS
  clone:      Clone a repository locally
  create:     Create a new repository
  fork:       Create a fork of a repository
  view:       View a repository

INHERITED FLAGS
  --help   Show help for command

ARGUMENTS
  A repository can be supplied as an argument in any of the following formats:
  - "OWNER/REPO"
  - by URL, e.g. "https://github.com/OWNER/REPO"

EXAMPLES
  $ gh repo create
  $ gh repo clone cli/cli
  $ gh repo view --web

LEARN MORE
  Use 'gh <command> <subcommand> --help' for more information about a command.
  Read the manual at https://cli.github.com/manual


C:\Program Files (x86)\GitHub CLI>gh repo view
Welcome to GitHub CLI!

To authenticate, please run `gh auth login`.

C:\Program Files (x86)\GitHub CLI>gh auth login
? What account do you want to log into? GitHub Enterprise Server
? GHE hostname: yreyblat
- Logging into yreyblat
? How would you like to authenticate? Login with a web browser

error connecting to yreyblat
check your internet connection or githubstatus.com

C:\Program Files (x86)\GitHub CLI>